2026-09-15T06:01:15.5746914Z Hibernate: select ue1_0.id,ue1_0.clave_hash,ue1_0.correo,ue1_0.direccion,ue1_0.estado,ue1_0.fcm_token,ue1_0.fecha_creacion,ue1_0.foto_url,ue1_0.nombre,ue1_0.rol_id,ue1_0.telefono from usuarios ue1_0 where ue1_0.correo=?
2026-09-15T06:01:16.7980722Z Hibernate: select ue1_0.id,ue1_0.clave_hash,ue1_0.correo,ue1_0.direccion,ue1_0.estado,ue1_0.fcm_token,ue1_0.fecha_creacion,ue1_0.foto_url,ue1_0.nombre,ue1_0.rol_id,ue1_0.telefono from usuarios ue1_0 where ue1_0.id=?
2026-09-15T11:13:01.7905787Z Hibernate: select ue1_0.id,ue1_0.clave_hash,ue1_0.correo,ue1_0.direccion,ue1_0.estado,ue1_0.fcm_token,ue1_0.fecha_creacion,ue1_0.foto_url,ue1_0.nombre,ue1_0.rol_id,ue1_0.telefono from usuarios ue1_0 where ue1_0.correo=?
2026-09-15T11:13:02.5086168Z 2026-09-15T11:13:02.427Z  WARN 70 --- [p-nio-80-exec-6] o.s.s.c.bcrypt.BCryptPasswordEncoder     : Encoded password does not look like BCrypt
2026-09-15T11:13:03.1435543Z Hibernate: update usuarios set clave_hash=?,correo=?,direccion=?,estado=?,fcm_token=?,fecha_creacion=?,foto_url=?,nombre=?,rol_id=?,telefono=? where id=?
2026-09-15T11:13:07.7070895Z Hibernate: select fe1_0.id,fe1_0.fecha_registro,fe1_0.nombre from fincas fe1_0
2026-09-15T11:13:09.3739409Z Hibernate: select fe1_0.id,fe1_0.fecha_registro,fe1_0.nombre from fincas fe1_0
2026-09-15T11:13:21.0852222Z Hibernate: select fe1_0.id,fe1_0.fecha_registro,fe1_0.nombre from fincas fe1_0
2026-09-15T11:18:53.3232370Z Hibernate: select ue1_0.id,ue1_0.clave_hash,ue1_0.correo,ue1_0.direccion,ue1_0.estado,ue1_0.fcm_token,ue1_0.fecha_creacion,ue1_0.foto_url,ue1_0.nombre,ue1_0.rol_id,ue1_0.telefono from usuarios ue1_0 where ue1_0.correo=?
2026-09-15T11:18:53.5307777Z 2026-09-15T11:18:53.524Z  WARN 70 --- [p-nio-80-exec-3] o.s.s.c.bcrypt.BCryptPasswordEncoder     : Encoded password does not look like BCrypt
2026-09-15T11:18:53.5503575Z Hibernate: update usuarios set clave_hash=?,correo=?,direccion=?,estado=?,fcm_token=?,fecha_creacion=?,foto_url=?,nombre=?,rol_id=?,telefono=? where id=?
2026-09-15T11:18:54.7238892Z Hibernate: select te1_0.id,te1_0.documento,te1_0.fecha_registro,te1_0.finca_id,te1_0.nombre_completo,te1_0.tarifa_hora,te1_0.usuario_id from perfiles_trabajadores te1_0
2026-09-15T11:18:55.5068776Z Hibernate: select fe1_0.id,fe1_0.fecha_registro,fe1_0.nombre from fincas fe1_0
2026-09-15T11:18:56.3662767Z Hibernate: select te1_0.id,te1_0.descripcion,te1_0.eliminado,te1_0.estado,te1_0.estado_sincronizacion,te1_0.fecha_actualizacion,te1_0.finca_id,te1_0.horas_invertidas,te1_0.lote_id,te1_0.novedades,te1_0.severidad_novedad,te1_0.titulo,te1_0.trabajador_id from tareas te1_0 where te1_0.trabajador_id=?
2026-09-15T11:18:56.5759977Z Hibernate: select te1_0.id,te1_0.documento,te1_0.fecha_registro,te1_0.finca_id,te1_0.nombre_completo,te1_0.tarifa_hora,te1_0.usuario_id from perfiles_trabajadores te1_0
2026-09-15T11:18:59.7597440Z Hibernate: select ie1_0.id,ie1_0.cantidad,ie1_0.costo_unitario,ie1_0.eliminado,ie1_0.estado_sincronizacion,ie1_0.fecha_actualizacion,ie1_0.finca_id,ie1_0.nombre_item,ie1_0.registrado_por_trabajador_id,ie1_0.tipo,ie1_0.unidad_medida from inventario ie1_0 where ie1_0.finca_id=? and ie1_0.eliminado=false
2026-09-15T12:01:39.9271549Z Hibernate: select ue1_0.id,ue1_0.clave_hash,ue1_0.correo,ue1_0.direccion,ue1_0.estado,ue1_0.fcm_token,ue1_0.fecha_creacion,ue1_0.foto_url,ue1_0.nombre,ue1_0.rol_id,ue1_0.telefono from usuarios ue1_0 where ue1_0.correo=?
2026-09-15T12:01:40.1679718Z 2026-09-15T12:01:40.167Z  WARN 70 --- [p-nio-80-exec-1] o.s.s.c.bcrypt.BCryptPasswordEncoder     : Encoded password does not look like BCrypt
2026-09-15T12:01:40.1758800Z Hibernate: update usuarios set clave_hash=?,correo=?,direccion=?,estado=?,fcm_token=?,fecha_creacion=?,foto_url=?,nombre=?,rol_id=?,telefono=? where id=?
2026-09-15T12:01:40.9628829Z Hibernate: select fe1_0.id,fe1_0.fecha_registro,fe1_0.nombre from fincas fe1_0
2026-09-15T12:01:42.0554987Z Hibernate: select fe1_0.id,fe1_0.fecha_registro,fe1_0.nombre from fincas fe1_0
2026-09-15T12:01:55.0819477Z Hibernate: select fe1_0.id,fe1_0.fecha_registro,fe1_0.nombre from fincas fe1_0
2026-09-15T12:02:50.5840554Z Hibernate: select ue1_0.id,ue1_0.clave_hash,ue1_0.correo,ue1_0.direccion,ue1_0.estado,ue1_0.fcm_token,ue1_0.fecha_creacion,ue1_0.foto_url,ue1_0.nombre,ue1_0.rol_id,ue1_0.telefono from usuarios ue1_0 where ue1_0.id=?
2026-09-15T12:02:50.9715810Z Hibernate: update usuarios set clave_hash=?,correo=?,direccion=?,estado=?,fcm_token=?,fecha_creacion=?,foto_url=?,nombre=?,rol_id=?,telefono=? where id=?
2026-09-15T12:03:03.0758747Z Hibernate: select ie1_0.id,ie1_0.cantidad,ie1_0.costo_unitario,ie1_0.eliminado,ie1_0.estado_sincronizacion,ie1_0.fecha_actualizacion,ie1_0.finca_id,ie1_0.nombre_item,ie1_0.registrado_por_trabajador_id,ie1_0.tipo,ie1_0.unidad_medida from inventario ie1_0 where ie1_0.finca_id=? and ie1_0.eliminado=false
2026-09-15T12:03:09.9962688Z Hibernate: select fe1_0.id,fe1_0.fecha_registro,fe1_0.nombre from fincas fe1_0
2026-09-15T12:03:12.4750737Z Hibernate: select te1_0.id,te1_0.documento,te1_0.fecha_registro,te1_0.finca_id,te1_0.nombre_completo,te1_0.tarifa_hora,te1_0.usuario_id from perfiles_trabajadores te1_0 where te1_0.finca_id=?
2026-09-15T12:16:45.3595814Z Hibernate: select ue1_0.id,ue1_0.clave_hash,ue1_0.correo,ue1_0.direccion,ue1_0.estado,ue1_0.fcm_token,ue1_0.fecha_creacion,ue1_0.foto_url,ue1_0.nombre,ue1_0.rol_id,ue1_0.telefono from usuarios ue1_0 where ue1_0.correo=?
2026-09-15T12:16:45.5717175Z 2026-09-15T12:16:45.571Z  WARN 70 --- [p-nio-80-exec-7] o.s.s.c.bcrypt.BCryptPasswordEncoder     : Encoded password does not look like BCrypt
2026-09-15T12:16:46.0179793Z Hibernate: select fe1_0.id,fe1_0.fecha_registro,fe1_0.nombre from fincas fe1_0
2026-09-15T12:16:46.8012916Z Hibernate: select fe1_0.id,fe1_0.fecha_registro,fe1_0.nombre from fincas fe1_0
2026-09-15T12:19:32.7639045Z Hibernate: select fe1_0.id,fe1_0.fecha_registro,fe1_0.nombre from fincas fe1_0
2026-09-15T12:20:38.1290940Z Hibernate: select ue1_0.id,ue1_0.clave_hash,ue1_0.correo,ue1_0.direccion,ue1_0.estado,ue1_0.fcm_token,ue1_0.fecha_creacion,ue1_0.foto_url,ue1_0.nombre,ue1_0.rol_id,ue1_0.telefono from usuarios ue1_0 where ue1_0.correo=?
2026-09-15T12:20:38.3261767Z 2026-09-15T12:20:38.325Z  WARN 70 --- [p-nio-80-exec-3] o.s.s.c.bcrypt.BCryptPasswordEncoder     : Encoded password does not look like BCrypt
2026-09-15T12:20:38.7372081Z Hibernate: select fe1_0.id,fe1_0.fecha_registro,fe1_0.nombre from fincas fe1_0
2026-09-15T12:20:39.4805552Z Hibernate: select fe1_0.id,fe1_0.fecha_registro,fe1_0.nombre from fincas fe1_0
2026-09-15T12:20:51.3348722Z Hibernate: select ue1_0.id,ue1_0.clave_hash,ue1_0.correo,ue1_0.direccion,ue1_0.estado,ue1_0.fcm_token,ue1_0.fecha_creacion,ue1_0.foto_url,ue1_0.nombre,ue1_0.rol_id,ue1_0.telefono from usuarios ue1_0 where ue1_0.correo=?
2026-09-15T12:20:51.5255143Z 2026-09-15T12:20:51.524Z  WARN 70 --- [p-nio-80-exec-7] o.s.s.c.bcrypt.BCryptPasswordEncoder     : Encoded password does not look like BCrypt
2026-09-15T12:20:51.7923100Z Hibernate: select fe1_0.id,fe1_0.fecha_registro,fe1_0.nombre from fincas fe1_0
2026-09-15T12:20:52.5103559Z Hibernate: select fe1_0.id,fe1_0.fecha_registro,fe1_0.nombre from fincas fe1_0
2026-09-15T12:20:57.1120865Z Hibernate: select fe1_0.id,fe1_0.fecha_registro,fe1_0.nombre from fincas fe1_0
2026-09-15T12:20:57.9167165Z Hibernate: select fe1_0.id,fe1_0.fecha_registro,fe1_0.nombre from fincas fe1_0
2026-09-15T13:03:40.9616314Z Hibernate: select ue1_0.id,ue1_0.clave_hash,ue1_0.correo,ue1_0.direccion,ue1_0.estado,ue1_0.fcm_token,ue1_0.fecha_creacion,ue1_0.foto_url,ue1_0.nombre,ue1_0.rol_id,ue1_0.telefono from usuarios ue1_0 where ue1_0.correo=?
2026-09-15T13:03:41.1919419Z 2026-09-15T13:03:41.191Z  WARN 70 --- [p-nio-80-exec-3] o.s.s.c.bcrypt.BCryptPasswordEncoder     : Encoded password does not look like BCrypt
2026-09-15T13:03:41.9192676Z Hibernate: select fe1_0.id,fe1_0.fecha_registro,fe1_0.nombre from fincas fe1_0
2026-09-15T13:03:43.0820497Z Hibernate: select te1_0.id,te1_0.categoria,te1_0.estado_sincronizacion,te1_0.fecha_transaccion,te1_0.finca_id,te1_0.monto_total,te1_0.tipo_movimiento from transacciones te1_0 where te1_0.finca_id=?
2026-09-15T13:03:46.8954857Z Hibernate: select ie1_0.id,ie1_0.cantidad,ie1_0.costo_unitario,ie1_0.eliminado,ie1_0.estado_sincronizacion,ie1_0.fecha_actualizacion,ie1_0.finca_id,ie1_0.nombre_item,ie1_0.registrado_por_trabajador_id,ie1_0.tipo,ie1_0.unidad_medida from inventario ie1_0 where ie1_0.finca_id=? and ie1_0.eliminado=false
2026-09-15T13:04:03.9639523Z Hibernate: select ue1_0.id,ue1_0.clave_hash,ue1_0.correo,ue1_0.direccion,ue1_0.estado,ue1_0.fcm_token,ue1_0.fecha_creacion,ue1_0.foto_url,ue1_0.nombre,ue1_0.rol_id,ue1_0.telefono from usuarios ue1_0 where ue1_0.id=?
2026-09-15T13:04:07.6060074Z Hibernate: select te1_0.id,te1_0.categoria,te1_0.estado_sincronizacion,te1_0.fecha_transaccion,te1_0.finca_id,te1_0.monto_total,te1_0.tipo_movimiento from transacciones te1_0 where te1_0.finca_id=?
2026-09-15T13:04:07.6472597Z Hibernate: select ie1_0.id,ie1_0.cantidad,ie1_0.costo_unitario,ie1_0.eliminado,ie1_0.estado_sincronizacion,ie1_0.fecha_actualizacion,ie1_0.finca_id,ie1_0.nombre_item,ie1_0.registrado_por_trabajador_id,ie1_0.tipo,ie1_0.unidad_medida from inventario ie1_0 where ie1_0.finca_id=? and ie1_0.eliminado=false
2026-09-15T13:04:30.6210916Z Hibernate: select te1_0.id,te1_0.categoria,te1_0.estado_sincronizacion,te1_0.fecha_transaccion,te1_0.finca_id,te1_0.monto_total,te1_0.tipo_movimiento from transacciones te1_0 where te1_0.finca_id=?
2026-09-15T13:04:30.6518678Z Hibernate: select ie1_0.id,ie1_0.cantidad,ie1_0.costo_unitario,ie1_0.eliminado,ie1_0.estado_sincronizacion,ie1_0.fecha_actualizacion,ie1_0.finca_id,ie1_0.nombre_item,ie1_0.registrado_por_trabajador_id,ie1_0.tipo,ie1_0.unidad_medida from inventario ie1_0 where ie1_0.finca_id=? and ie1_0.eliminado=false
2026-09-15T13:04:31.9631399Z Hibernate: select te1_0.id,te1_0.categoria,te1_0.estado_sincronizacion,te1_0.fecha_transaccion,te1_0.finca_id,te1_0.monto_total,te1_0.tipo_movimiento from transacciones te1_0 where te1_0.finca_id=?
2026-09-15T13:04:31.9631675Z Hibernate: select ie1_0.id,ie1_0.cantidad,ie1_0.costo_unitario,ie1_0.eliminado,ie1_0.estado_sincronizacion,ie1_0.fecha_actualizacion,ie1_0.finca_id,ie1_0.nombre_item,ie1_0.registrado_por_trabajador_id,ie1_0.tipo,ie1_0.unidad_medida from inventario ie1_0 where ie1_0.finca_id=? and ie1_0.eliminado=false
2026-09-15T13:04:32.8568622Z Hibernate: select te1_0.id,te1_0.categoria,te1_0.estado_sincronizacion,te1_0.fecha_transaccion,te1_0.finca_id,te1_0.monto_total,te1_0.tipo_movimiento from transacciones te1_0 where te1_0.finca_id=?
2026-09-15T13:04:32.8759539Z Hibernate: select ie1_0.id,ie1_0.cantidad,ie1_0.costo_unitario,ie1_0.eliminado,ie1_0.estado_sincronizacion,ie1_0.fecha_actualizacion,ie1_0.finca_id,ie1_0.nombre_item,ie1_0.registrado_por_trabajador_id,ie1_0.tipo,ie1_0.unidad_medida from inventario ie1_0 where ie1_0.finca_id=? and ie1_0.eliminado=false
2026-09-15T13:04:33.8780658Z Hibernate: select fe1_0.id,fe1_0.fecha_registro,fe1_0.nombre from fincas fe1_0
2026-09-15T13:04:37.1696925Z Hibernate: select te1_0.id,te1_0.categoria,te1_0.estado_sincronizacion,te1_0.fecha_transaccion,te1_0.finca_id,te1_0.monto_total,te1_0.tipo_movimiento from transacciones te1_0 where te1_0.finca_id=?
2026-09-15T13:04:37.1828409Z Hibernate: select ie1_0.id,ie1_0.cantidad,ie1_0.costo_unitario,ie1_0.eliminado,ie1_0.estado_sincronizacion,ie1_0.fecha_actualizacion,ie1_0.finca_id,ie1_0.nombre_item,ie1_0.registrado_por_trabajador_id,ie1_0.tipo,ie1_0.unidad_medida from inventario ie1_0 where ie1_0.finca_id=? and ie1_0.eliminado=false
2026-09-15T13:04:43.5219025Z Hibernate: select ie1_0.id,ie1_0.cantidad,ie1_0.costo_unitario,ie1_0.eliminado,ie1_0.estado_sincronizacion,ie1_0.fecha_actualizacion,ie1_0.finca_id,ie1_0.nombre_item,ie1_0.registrado_por_trabajador_id,ie1_0.tipo,ie1_0.unidad_medida from inventario ie1_0 where ie1_0.finca_id=? and ie1_0.eliminado=false
2026-09-15T13:05:52.2559451Z Hibernate: select ie1_0.id,ie1_0.cantidad,ie1_0.costo_unitario,ie1_0.eliminado,ie1_0.estado_sincronizacion,ie1_0.fecha_actualizacion,ie1_0.finca_id,ie1_0.nombre_item,ie1_0.registrado_por_trabajador_id,ie1_0.tipo,ie1_0.unidad_medida from inventario ie1_0 where ie1_0.id=?
2026-09-15T13:05:52.5630088Z Hibernate: insert into inventario (cantidad,costo_unitario,eliminado,estado_sincronizacion,fecha_actualizacion,finca_id,nombre_item,registrado_por_trabajador_id,tipo,unidad_medida,id) values (?,?,?,?,?,?,?,?,?,?,?)
2026-09-15T13:05:53.2525086Z 2026-09-15T13:05:53.251Z  WARN 70 --- [p-nio-80-exec-3] org.hibernate.orm.jdbc.error             : HHH000247: ErrorCode: 0, SQLState: 23503
2026-09-15T13:05:53.2713034Z 2026-09-15T13:05:53.253Z  WARN 70 --- [p-nio-80-exec-3] org.hibernate.orm.jdbc.error             : ERROR: insert or update on table "inventario" violates foreign key constraint "inventario_registrado_por_trabajador_id_fkey"
2026-09-15T13:05:53.2713461Z   Detail: Key (registrado_por_trabajador_id)=(00000000-0000-0000-0000-000000000000) is not present in table "perfiles_trabajadores".
2026-09-15T13:05:54.6219760Z Hibernate: select ie1_0.id,ie1_0.cantidad,ie1_0.costo_unitario,ie1_0.eliminado,ie1_0.estado_sincronizacion,ie1_0.fecha_actualizacion,ie1_0.finca_id,ie1_0.nombre_item,ie1_0.registrado_por_trabajador_id,ie1_0.tipo,ie1_0.unidad_medida from inventario ie1_0 where ie1_0.id=?
2026-09-15T13:05:54.8135122Z Hibernate: insert into inventario (cantidad,costo_unitario,eliminado,estado_sincronizacion,fecha_actualizacion,finca_id,nombre_item,registrado_por_trabajador_id,tipo,unidad_medida,id) values (?,?,?,?,?,?,?,?,?,?,?)
2026-09-15T13:05:55.0126483Z 2026-09-15T13:05:55.012Z  WARN 70 --- [p-nio-80-exec-4] org.hibernate.orm.jdbc.error             : HHH000247: ErrorCode: 0, SQLState: 23503
2026-09-15T13:05:55.0240333Z 2026-09-15T13:05:55.022Z  WARN 70 --- [p-nio-80-exec-4] org.hibernate.orm.jdbc.error             : ERROR: insert or update on table "inventario" violates foreign key constraint "inventario_registrado_por_trabajador_id_fkey"
2026-09-15T13:05:55.0240683Z   Detail: Key (registrado_por_trabajador_id)=(00000000-0000-0000-0000-000000000000) is not present in table "perfiles_trabajadores".
2026-09-15T13:05:55.2113710Z Hibernate: select ie1_0.id,ie1_0.cantidad,ie1_0.costo_unitario,ie1_0.eliminado,ie1_0.estado_sincronizacion,ie1_0.fecha_actualizacion,ie1_0.finca_id,ie1_0.nombre_item,ie1_0.registrado_por_trabajador_id,ie1_0.tipo,ie1_0.unidad_medida from inventario ie1_0 where ie1_0.id=?
2026-09-15T13:05:55.4016253Z Hibernate: insert into inventario (cantidad,costo_unitario,eliminado,estado_sincronizacion,fecha_actualizacion,finca_id,nombre_item,registrado_por_trabajador_id,tipo,unidad_medida,id) values (?,?,?,?,?,?,?,?,?,?,?)
2026-09-15T13:05:55.5896470Z 2026-09-15T13:05:55.589Z  WARN 70 --- [p-nio-80-exec-5] org.hibernate.orm.jdbc.error             : HHH000247: ErrorCode: 0, SQLState: 23503
2026-09-15T13:05:55.5908376Z 2026-09-15T13:05:55.590Z  WARN 70 --- [p-nio-80-exec-5] org.hibernate.orm.jdbc.error             : ERROR: insert or update on table "inventario" violates foreign key constraint "inventario_registrado_por_trabajador_id_fkey"
2026-09-15T13:05:55.5908592Z   Detail: Key (registrado_por_trabajador_id)=(00000000-0000-0000-0000-000000000000) is not present in table "perfiles_trabajadores".
2026-09-15T13:05:55.9312255Z Hibernate: select ie1_0.id,ie1_0.cantidad,ie1_0.costo_unitario,ie1_0.eliminado,ie1_0.estado_sincronizacion,ie1_0.fecha_actualizacion,ie1_0.finca_id,ie1_0.nombre_item,ie1_0.registrado_por_trabajador_id,ie1_0.tipo,ie1_0.unidad_medida from inventario ie1_0 where ie1_0.id=?
2026-09-15T13:05:56.1297624Z Hibernate: insert into inventario (cantidad,costo_unitario,eliminado,estado_sincronizacion,fecha_actualizacion,finca_id,nombre_item,registrado_por_trabajador_id,tipo,unidad_medida,id) values (?,?,?,?,?,?,?,?,?,?,?)
2026-09-15T13:05:56.3188739Z 2026-09-15T13:05:56.318Z  WARN 70 --- [p-nio-80-exec-6] org.hibernate.orm.jdbc.error             : HHH000247: ErrorCode: 0, SQLState: 23503
2026-09-15T13:05:56.3207581Z 2026-09-15T13:05:56.320Z  WARN 70 --- [p-nio-80-exec-6] org.hibernate.orm.jdbc.error             : ERROR: insert or update on table "inventario" violates foreign key constraint "inventario_registrado_por_trabajador_id_fkey"
2026-09-15T13:05:56.3207774Z   Detail: Key (registrado_por_trabajador_id)=(00000000-0000-0000-0000-000000000000) is not present in table "perfiles_trabajadores".
2026-09-15T13:06:35.6894216Z Hibernate: select ie1_0.id,ie1_0.cantidad,ie1_0.costo_unitario,ie1_0.eliminado,ie1_0.estado_sincronizacion,ie1_0.fecha_actualizacion,ie1_0.finca_id,ie1_0.nombre_item,ie1_0.registrado_por_trabajador_id,ie1_0.tipo,ie1_0.unidad_medida from inventario ie1_0 where ie1_0.finca_id=? and ie1_0.eliminado=false
2026-09-15T13:06:38.7572130Z Hibernate: select fe1_0.id,fe1_0.fecha_registro,fe1_0.nombre from fincas fe1_0
2026-09-15T13:07:26.1213362Z Hibernate: select te1_0.id,te1_0.documento,te1_0.fecha_registro,te1_0.finca_id,te1_0.nombre_completo,te1_0.tarifa_hora,te1_0.usuario_id from perfiles_trabajadores te1_0 where te1_0.finca_id=?
2026-09-15T13:07:30.5926038Z Hibernate: select ie1_0.id,ie1_0.cantidad,ie1_0.costo_unitario,ie1_0.eliminado,ie1_0.estado_sincronizacion,ie1_0.fecha_actualizacion,ie1_0.finca_id,ie1_0.nombre_item,ie1_0.registrado_por_trabajador_id,ie1_0.tipo,ie1_0.unidad_medida from inventario ie1_0 where ie1_0.finca_id=? and ie1_0.eliminado=false
2026-09-15T13:07:30.7306682Z Hibernate: select te1_0.id,te1_0.categoria,te1_0.estado_sincronizacion,te1_0.fecha_transaccion,te1_0.finca_id,te1_0.monto_total,te1_0.tipo_movimiento from transacciones te1_0 where te1_0.finca_id=?
2026-09-15T13:07:40.3015719Z Hibernate: select fe1_0.id,fe1_0.fecha_registro,fe1_0.nombre from fincas fe1_0
2026-09-15T13:07:43.6149962Z Hibernate: select te1_0.id,te1_0.documento,te1_0.fecha_registro,te1_0.finca_id,te1_0.nombre_completo,te1_0.tarifa_hora,te1_0.usuario_id from perfiles_trabajadores te1_0 where te1_0.finca_id=?
2026-09-15T13:07:43.8554463Z Hibernate: delete from perfiles_trabajadores where id=?
2026-09-15T13:07:44.0527237Z 2026-09-15T13:07:44.052Z  WARN 70 --- [p-nio-80-exec-3] org.hibernate.orm.jdbc.error             : HHH000247: ErrorCode: 0, SQLState: 23503
2026-09-15T13:07:44.0548998Z 2026-09-15T13:07:44.054Z  WARN 70 --- [p-nio-80-exec-3] org.hibernate.orm.jdbc.error             : ERROR: update or delete on table "perfiles_trabajadores" violates foreign key constraint "inventario_registrado_por_trabajador_id_fkey" on table "inventario"
2026-09-15T13:07:44.0549298Z   Detail: Key (id)=(6588697f-2bd1-45b7-94ed-97d7edf697d2) is still referenced from table "inventario".
2026-09-15T13:07:52.1234628Z Hibernate: select ie1_0.id,ie1_0.cantidad,ie1_0.costo_unitario,ie1_0.eliminado,ie1_0.estado_sincronizacion,ie1_0.fecha_actualizacion,ie1_0.finca_id,ie1_0.nombre_item,ie1_0.registrado_por_trabajador_id,ie1_0.tipo,ie1_0.unidad_medida from inventario ie1_0 where ie1_0.finca_id=? and ie1_0.eliminado=false
2026-09-15T13:07:52.1339643Z Hibernate: select te1_0.id,te1_0.categoria,te1_0.estado_sincronizacion,te1_0.fecha_transaccion,te1_0.finca_id,te1_0.monto_total,te1_0.tipo_movimiento from transacciones te1_0 where te1_0.finca_id=?
2026-09-15T13:08:45.2345406Z Hibernate: select ie1_0.id,ie1_0.cantidad,ie1_0.costo_unitario,ie1_0.eliminado,ie1_0.estado_sincronizacion,ie1_0.fecha_actualizacion,ie1_0.finca_id,ie1_0.nombre_item,ie1_0.registrado_por_trabajador_id,ie1_0.tipo,ie1_0.unidad_medida from inventario ie1_0 where ie1_0.finca_id=? and ie1_0.eliminado=false
2026-09-15T13:09:12.7287420Z Hibernate: select ie1_0.id,ie1_0.cantidad,ie1_0.costo_unitario,ie1_0.eliminado,ie1_0.estado_sincronizacion,ie1_0.fecha_actualizacion,ie1_0.finca_id,ie1_0.nombre_item,ie1_0.registrado_por_trabajador_id,ie1_0.tipo,ie1_0.unidad_medida from inventario ie1_0 where ie1_0.id=?
2026-09-15T13:09:13.1156955Z Hibernate: update inventario set cantidad=?,costo_unitario=?,eliminado=?,estado_sincronizacion=?,fecha_actualizacion=?,finca_id=?,nombre_item=?,registrado_por_trabajador_id=?,tipo=?,unidad_medida=? where id=?
2026-09-15T13:09:13.8366086Z Hibernate: select ie1_0.id,ie1_0.cantidad,ie1_0.costo_unitario,ie1_0.eliminado,ie1_0.estado_sincronizacion,ie1_0.fecha_actualizacion,ie1_0.finca_id,ie1_0.nombre_item,ie1_0.registrado_por_trabajador_id,ie1_0.tipo,ie1_0.unidad_medida from inventario ie1_0 where ie1_0.finca_id=? and ie1_0.eliminado=false
2026-09-15T13:10:02.8714636Z Hibernate: select ie1_0.id,ie1_0.cantidad,ie1_0.costo_unitario,ie1_0.eliminado,ie1_0.estado_sincronizacion,ie1_0.fecha_actualizacion,ie1_0.finca_id,ie1_0.nombre_item,ie1_0.registrado_por_trabajador_id,ie1_0.tipo,ie1_0.unidad_medida from inventario ie1_0 where ie1_0.finca_id=? and ie1_0.eliminado=false
2026-09-15T13:10:05.5072760Z Hibernate: select ie1_0.id,ie1_0.cantidad,ie1_0.costo_unitario,ie1_0.eliminado,ie1_0.estado_sincronizacion,ie1_0.fecha_actualizacion,ie1_0.finca_id,ie1_0.nombre_item,ie1_0.registrado_por_trabajador_id,ie1_0.tipo,ie1_0.unidad_medida from inventario ie1_0 where ie1_0.id=?
2026-09-15T13:10:05.8857214Z Hibernate: update inventario set cantidad=?,costo_unitario=?,eliminado=?,estado_sincronizacion=?,fecha_actualizacion=?,finca_id=?,nombre_item=?,registrado_por_trabajador_id=?,tipo=?,unidad_medida=? where id=?
2026-09-15T13:10:06.5704203Z Hibernate: select ie1_0.id,ie1_0.cantidad,ie1_0.costo_unitario,ie1_0.eliminado,ie1_0.estado_sincronizacion,ie1_0.fecha_actualizacion,ie1_0.finca_id,ie1_0.nombre_item,ie1_0.registrado_por_trabajador_id,ie1_0.tipo,ie1_0.unidad_medida from inventario ie1_0 where ie1_0.finca_id=? and ie1_0.eliminado=false
2026-09-15T13:10:21.1297030Z Hibernate: select ie1_0.id,ie1_0.cantidad,ie1_0.costo_unitario,ie1_0.eliminado,ie1_0.estado_sincronizacion,ie1_0.fecha_actualizacion,ie1_0.finca_id,ie1_0.nombre_item,ie1_0.registrado_por_trabajador_id,ie1_0.tipo,ie1_0.unidad_medida from inventario ie1_0 where ie1_0.id=?
2026-09-15T13:10:21.3210683Z Hibernate: insert into inventario (cantidad,costo_unitario,eliminado,estado_sincronizacion,fecha_actualizacion,finca_id,nombre_item,registrado_por_trabajador_id,tipo,unidad_medida,id) values (?,?,?,?,?,?,?,?,?,?,?)
2026-09-15T13:10:22.1737008Z Hibernate: select ie1_0.id,ie1_0.cantidad,ie1_0.costo_unitario,ie1_0.eliminado,ie1_0.estado_sincronizacion,ie1_0.fecha_actualizacion,ie1_0.finca_id,ie1_0.nombre_item,ie1_0.registrado_por_trabajador_id,ie1_0.tipo,ie1_0.unidad_medida from inventario ie1_0 where ie1_0.finca_id=? and ie1_0.eliminado=false
2026-09-15T13:10:50.6529422Z Hibernate: select te1_0.id,te1_0.categoria,te1_0.estado_sincronizacion,te1_0.fecha_transaccion,te1_0.finca_id,te1_0.monto_total,te1_0.tipo_movimiento from transacciones te1_0 where te1_0.finca_id=?
2026-09-15T13:10:51.2486875Z Hibernate: select ie1_0.id,ie1_0.cantidad,ie1_0.costo_unitario,ie1_0.eliminado,ie1_0.estado_sincronizacion,ie1_0.fecha_actualizacion,ie1_0.finca_id,ie1_0.nombre_item,ie1_0.registrado_por_trabajador_id,ie1_0.tipo,ie1_0.unidad_medida from inventario ie1_0 where ie1_0.finca_id=? and ie1_0.eliminado=false
2026-09-15T13:10:51.8970851Z Hibernate: select te1_0.id,te1_0.categoria,te1_0.estado_sincronizacion,te1_0.fecha_transaccion,te1_0.finca_id,te1_0.monto_total,te1_0.tipo_movimiento from transacciones te1_0 where te1_0.finca_id=?
2026-09-15T13:10:52.1362883Z Hibernate: select ie1_0.id,ie1_0.cantidad,ie1_0.costo_unitario,ie1_0.eliminado,ie1_0.estado_sincronizacion,ie1_0.fecha_actualizacion,ie1_0.finca_id,ie1_0.nombre_item,ie1_0.registrado_por_trabajador_id,ie1_0.tipo,ie1_0.unidad_medida from inventario ie1_0 where ie1_0.finca_id=? and ie1_0.eliminado=false
2026-09-15T13:10:54.7455593Z Hibernate: select ie1_0.id,ie1_0.cantidad,ie1_0.costo_unitario,ie1_0.eliminado,ie1_0.estado_sincronizacion,ie1_0.fecha_actualizacion,ie1_0.finca_id,ie1_0.nombre_item,ie1_0.registrado_por_trabajador_id,ie1_0.tipo,ie1_0.unidad_medida from inventario ie1_0 where ie1_0.finca_id=? and ie1_0.eliminado=false
2026-09-15T13:11:07.3637001Z Hibernate: select ie1_0.id,ie1_0.cantidad,ie1_0.costo_unitario,ie1_0.eliminado,ie1_0.estado_sincronizacion,ie1_0.fecha_actualizacion,ie1_0.finca_id,ie1_0.nombre_item,ie1_0.registrado_por_trabajador_id,ie1_0.tipo,ie1_0.unidad_medida from inventario ie1_0 where ie1_0.id=?
2026-09-15T13:11:07.5519302Z Hibernate: insert into inventario (cantidad,costo_unitario,eliminado,estado_sincronizacion,fecha_actualizacion,finca_id,nombre_item,registrado_por_trabajador_id,tipo,unidad_medida,id) values (?,?,?,?,?,?,?,?,?,?,?)
2026-09-15T13:11:08.2093156Z Hibernate: select ie1_0.id,ie1_0.cantidad,ie1_0.costo_unitario,ie1_0.eliminado,ie1_0.estado_sincronizacion,ie1_0.fecha_actualizacion,ie1_0.finca_id,ie1_0.nombre_item,ie1_0.registrado_por_trabajador_id,ie1_0.tipo,ie1_0.unidad_medida from inventario ie1_0 where ie1_0.finca_id=? and ie1_0.eliminado=false
2026-09-15T13:11:13.6829473Z Hibernate: select te1_0.id,te1_0.categoria,te1_0.estado_sincronizacion,te1_0.fecha_transaccion,te1_0.finca_id,te1_0.monto_total,te1_0.tipo_movimiento from transacciones te1_0 where te1_0.finca_id=?
2026-09-15T13:11:13.7330094Z Hibernate: select ie1_0.id,ie1_0.cantidad,ie1_0.costo_unitario,ie1_0.eliminado,ie1_0.estado_sincronizacion,ie1_0.fecha_actualizacion,ie1_0.finca_id,ie1_0.nombre_item,ie1_0.registrado_por_trabajador_id,ie1_0.tipo,ie1_0.unidad_medida from inventario ie1_0 where ie1_0.finca_id=? and ie1_0.eliminado=false
2026-09-15T13:11:16.0064770Z Hibernate: select ie1_0.id,ie1_0.cantidad,ie1_0.costo_unitario,ie1_0.eliminado,ie1_0.estado_sincronizacion,ie1_0.fecha_actualizacion,ie1_0.finca_id,ie1_0.nombre_item,ie1_0.registrado_por_trabajador_id,ie1_0.tipo,ie1_0.unidad_medida from inventario ie1_0 where ie1_0.finca_id=? and ie1_0.eliminado=false
2026-09-15T13:11:16.0277477Z Hibernate: select te1_0.id,te1_0.categoria,te1_0.estado_sincronizacion,te1_0.fecha_transaccion,te1_0.finca_id,te1_0.monto_total,te1_0.tipo_movimiento from transacciones te1_0 where te1_0.finca_id=?
2026-09-15T13:11:17.7907605Z Hibernate: select ie1_0.id,ie1_0.cantidad,ie1_0.costo_unitario,ie1_0.eliminado,ie1_0.estado_sincronizacion,ie1_0.fecha_actualizacion,ie1_0.finca_id,ie1_0.nombre_item,ie1_0.registrado_por_trabajador_id,ie1_0.tipo,ie1_0.unidad_medida from inventario ie1_0 where ie1_0.finca_id=? and ie1_0.eliminado=false
2026-09-15T13:11:28.7029543Z Hibernate: select ie1_0.id,ie1_0.cantidad,ie1_0.costo_unitario,ie1_0.eliminado,ie1_0.estado_sincronizacion,ie1_0.fecha_actualizacion,ie1_0.finca_id,ie1_0.nombre_item,ie1_0.registrado_por_trabajador_id,ie1_0.tipo,ie1_0.unidad_medida from inventario ie1_0 where ie1_0.id=?
2026-09-15T13:11:28.8941991Z Hibernate: insert into inventario (cantidad,costo_unitario,eliminado,estado_sincronizacion,fecha_actualizacion,finca_id,nombre_item,registrado_por_trabajador_id,tipo,unidad_medida,id) values (?,?,?,?,?,?,?,?,?,?,?)
2026-09-15T13:11:29.5656888Z Hibernate: select ie1_0.id,ie1_0.cantidad,ie1_0.costo_unitario,ie1_0.eliminado,ie1_0.estado_sincronizacion,ie1_0.fecha_actualizacion,ie1_0.finca_id,ie1_0.nombre_item,ie1_0.registrado_por_trabajador_id,ie1_0.tipo,ie1_0.unidad_medida from inventario ie1_0 where ie1_0.finca_id=? and ie1_0.eliminado=false
2026-09-15T13:11:36.2798152Z Hibernate: select ie1_0.id,ie1_0.cantidad,ie1_0.costo_unitario,ie1_0.eliminado,ie1_0.estado_sincronizacion,ie1_0.fecha_actualizacion,ie1_0.finca_id,ie1_0.nombre_item,ie1_0.registrado_por_trabajador_id,ie1_0.tipo,ie1_0.unidad_medida from inventario ie1_0 where ie1_0.finca_id=? and ie1_0.eliminado=false
2026-09-15T13:11:36.3468368Z Hibernate: select te1_0.id,te1_0.categoria,te1_0.estado_sincronizacion,te1_0.fecha_transaccion,te1_0.finca_id,te1_0.monto_total,te1_0.tipo_movimiento from transacciones te1_0 where te1_0.finca_id=?
2026-09-15T13:12:01.7452728Z Hibernate: select ie1_0.id,ie1_0.cantidad,ie1_0.costo_unitario,ie1_0.eliminado,ie1_0.estado_sincronizacion,ie1_0.fecha_actualizacion,ie1_0.finca_id,ie1_0.nombre_item,ie1_0.registrado_por_trabajador_id,ie1_0.tipo,ie1_0.unidad_medida from inventario ie1_0 where ie1_0.finca_id=? and ie1_0.eliminado=false
2026-09-15T13:12:03.2100277Z Hibernate: select ie1_0.id,ie1_0.cantidad,ie1_0.costo_unitario,ie1_0.eliminado,ie1_0.estado_sincronizacion,ie1_0.fecha_actualizacion,ie1_0.finca_id,ie1_0.nombre_item,ie1_0.registrado_por_trabajador_id,ie1_0.tipo,ie1_0.unidad_medida from inventario ie1_0 where ie1_0.finca_id=? and ie1_0.eliminado=false
2026-09-15T13:12:03.2902623Z Hibernate: select te1_0.id,te1_0.categoria,te1_0.estado_sincronizacion,te1_0.fecha_transaccion,te1_0.finca_id,te1_0.monto_total,te1_0.tipo_movimiento from transacciones te1_0 where te1_0.finca_id=?
2026-09-15T13:12:04.6073084Z Hibernate: select ie1_0.id,ie1_0.cantidad,ie1_0.costo_unitario,ie1_0.eliminado,ie1_0.estado_sincronizacion,ie1_0.fecha_actualizacion,ie1_0.finca_id,ie1_0.nombre_item,ie1_0.registrado_por_trabajador_id,ie1_0.tipo,ie1_0.unidad_medida from inventario ie1_0 where ie1_0.finca_id=? and ie1_0.eliminado=false
2026-09-15T13:12:04.6261008Z Hibernate: select te1_0.id,te1_0.categoria,te1_0.estado_sincronizacion,te1_0.fecha_transaccion,te1_0.finca_id,te1_0.monto_total,te1_0.tipo_movimiento from transacciones te1_0 where te1_0.finca_id=?
2026-09-15T13:12:06.1345978Z Hibernate: select fe1_0.id,fe1_0.fecha_registro,fe1_0.nombre from fincas fe1_0
2026-09-15T13:12:10.6827121Z Hibernate: select te1_0.id,te1_0.documento,te1_0.fecha_registro,te1_0.finca_id,te1_0.nombre_completo,te1_0.tarifa_hora,te1_0.usuario_id from perfiles_trabajadores te1_0 where te1_0.finca_id=?
2026-09-15T13:12:41.2984870Z Hibernate: select ue1_0.id,ue1_0.clave_hash,ue1_0.correo,ue1_0.direccion,ue1_0.estado,ue1_0.fcm_token,ue1_0.fecha_creacion,ue1_0.foto_url,ue1_0.nombre,ue1_0.rol_id,ue1_0.telefono from usuarios ue1_0 where ue1_0.id=?
2026-09-15T13:12:41.5255657Z Hibernate: insert into usuarios (clave_hash,correo,direccion,estado,fcm_token,fecha_creacion,foto_url,nombre,rol_id,telefono,id) values (?,?,?,?,?,?,?,?,?,?,?)
2026-09-15T13:12:41.9695148Z Hibernate: select te1_0.id,te1_0.documento,te1_0.fecha_registro,te1_0.finca_id,te1_0.nombre_completo,te1_0.tarifa_hora,te1_0.usuario_id from perfiles_trabajadores te1_0 where te1_0.id=?
2026-09-15T13:12:42.1602156Z Hibernate: insert into perfiles_trabajadores (documento,fecha_registro,finca_id,nombre_completo,tarifa_hora,usuario_id,id) values (?,?,?,?,?,?,?)
2026-09-15T13:12:42.3593903Z 2026-09-15T13:12:42.358Z  WARN 70 --- [-nio-80-exec-10] org.hibernate.orm.jdbc.error             : HHH000247: ErrorCode: 0, SQLState: 23505
2026-09-15T13:12:42.3655804Z 2026-09-15T13:12:42.363Z  WARN 70 --- [-nio-80-exec-10] org.hibernate.orm.jdbc.error             : ERROR: duplicate key value violates unique constraint "perfiles_trabajadores_documento_key"
2026-09-15T13:12:42.3656269Z   Detail: Key (documento)=(1145424102) already exists.
2026-09-15T13:12:47.8399342Z Hibernate: select te1_0.id,te1_0.documento,te1_0.fecha_registro,te1_0.finca_id,te1_0.nombre_completo,te1_0.tarifa_hora,te1_0.usuario_id from perfiles_trabajadores te1_0 where te1_0.finca_id=?
2026-09-15T13:12:49.9334898Z Hibernate: select te1_0.id,te1_0.documento,te1_0.fecha_registro,te1_0.finca_id,te1_0.nombre_completo,te1_0.tarifa_hora,te1_0.usuario_id from perfiles_trabajadores te1_0 where te1_0.finca_id=?
2026-09-15T13:14:42.5661714Z Hibernate: select ue1_0.id,ue1_0.clave_hash,ue1_0.correo,ue1_0.direccion,ue1_0.estado,ue1_0.fcm_token,ue1_0.fecha_creacion,ue1_0.foto_url,ue1_0.nombre,ue1_0.rol_id,ue1_0.telefono from usuarios ue1_0 where ue1_0.id=?
2026-09-15T13:14:42.7537899Z Hibernate: insert into usuarios (clave_hash,correo,direccion,estado,fcm_token,fecha_creacion,foto_url,nombre,rol_id,telefono,id) values (?,?,?,?,?,?,?,?,?,?,?)
2026-09-15T13:14:43.1309508Z Hibernate: select te1_0.id,te1_0.documento,te1_0.fecha_registro,te1_0.finca_id,te1_0.nombre_completo,te1_0.tarifa_hora,te1_0.usuario_id from perfiles_trabajadores te1_0 where te1_0.id=?
2026-09-15T13:14:43.3291305Z Hibernate: insert into perfiles_trabajadores (documento,fecha_registro,finca_id,nombre_completo,tarifa_hora,usuario_id,id) values (?,?,?,?,?,?,?)
2026-09-15T13:14:44.1895578Z Hibernate: select te1_0.id,te1_0.documento,te1_0.fecha_registro,te1_0.finca_id,te1_0.nombre_completo,te1_0.tarifa_hora,te1_0.usuario_id from perfiles_trabajadores te1_0 where te1_0.finca_id=?
2026-09-15T13:14:51.7722296Z Hibernate: select te1_0.id,te1_0.descripcion,te1_0.eliminado,te1_0.estado,te1_0.estado_sincronizacion,te1_0.fecha_actualizacion,te1_0.finca_id,te1_0.horas_invertidas,te1_0.lote_id,te1_0.novedades,te1_0.severidad_novedad,te1_0.titulo,te1_0.trabajador_id from tareas te1_0 where te1_0.finca_id=?
2026-09-15T13:14:53.8361656Z Hibernate: select ie1_0.id,ie1_0.cantidad,ie1_0.costo_unitario,ie1_0.eliminado,ie1_0.estado_sincronizacion,ie1_0.fecha_actualizacion,ie1_0.finca_id,ie1_0.nombre_item,ie1_0.registrado_por_trabajador_id,ie1_0.tipo,ie1_0.unidad_medida from inventario ie1_0 where ie1_0.finca_id=? and ie1_0.eliminado=false
2026-09-15T13:14:55.3702680Z Hibernate: select ie1_0.id,ie1_0.cantidad,ie1_0.costo_unitario,ie1_0.eliminado,ie1_0.estado_sincronizacion,ie1_0.fecha_actualizacion,ie1_0.finca_id,ie1_0.nombre_item,ie1_0.registrado_por_trabajador_id,ie1_0.tipo,ie1_0.unidad_medida from inventario ie1_0 where ie1_0.finca_id=? and ie1_0.eliminado=false
2026-09-15T13:14:56.3087100Z Hibernate: select te1_0.id,te1_0.categoria,te1_0.estado_sincronizacion,te1_0.fecha_transaccion,te1_0.finca_id,te1_0.monto_total,te1_0.tipo_movimiento from transacciones te1_0 where te1_0.finca_id=?
2026-09-15T13:14:56.6688630Z Hibernate: select te1_0.id,te1_0.categoria,te1_0.estado_sincronizacion,te1_0.fecha_transaccion,te1_0.finca_id,te1_0.monto_total,te1_0.tipo_movimiento from transacciones te1_0 where te1_0.finca_id=?
2026-09-15T13:14:57.1698471Z Hibernate: select ie1_0.id,ie1_0.cantidad,ie1_0.costo_unitario,ie1_0.eliminado,ie1_0.estado_sincronizacion,ie1_0.fecha_actualizacion,ie1_0.finca_id,ie1_0.nombre_item,ie1_0.registrado_por_trabajador_id,ie1_0.tipo,ie1_0.unidad_medida from inventario ie1_0 where ie1_0.finca_id=? and ie1_0.eliminado=false
2026-09-15T13:14:59.7825383Z Hibernate: select te1_0.id,te1_0.descripcion,te1_0.eliminado,te1_0.estado,te1_0.estado_sincronizacion,te1_0.fecha_actualizacion,te1_0.finca_id,te1_0.horas_invertidas,te1_0.lote_id,te1_0.novedades,te1_0.severidad_novedad,te1_0.titulo,te1_0.trabajador_id from tareas te1_0 where te1_0.finca_id=?
2026-09-15T13:15:07.8884344Z Hibernate: select te1_0.id,te1_0.descripcion,te1_0.eliminado,te1_0.estado,te1_0.estado_sincronizacion,te1_0.fecha_actualizacion,te1_0.finca_id,te1_0.horas_invertidas,te1_0.lote_id,te1_0.novedades,te1_0.severidad_novedad,te1_0.titulo,te1_0.trabajador_id from tareas te1_0 where te1_0.id=?
2026-09-15T13:15:08.3268822Z Hibernate: select te1_0.id,te1_0.documento,te1_0.fecha_registro,te1_0.finca_id,te1_0.nombre_completo,te1_0.tarifa_hora,te1_0.usuario_id from perfiles_trabajadores te1_0 where te1_0.id=?
2026-09-15T13:15:08.7073812Z Hibernate: update tareas set descripcion=?,eliminado=?,estado=?,estado_sincronizacion=?,fecha_actualizacion=?,finca_id=?,horas_invertidas=?,lote_id=?,novedades=?,severidad_novedad=?,titulo=?,trabajador_id=? where id=?
2026-09-15T13:15:09.4440698Z Hibernate: select te1_0.id,te1_0.descripcion,te1_0.eliminado,te1_0.estado,te1_0.estado_sincronizacion,te1_0.fecha_actualizacion,te1_0.finca_id,te1_0.horas_invertidas,te1_0.lote_id,te1_0.novedades,te1_0.severidad_novedad,te1_0.titulo,te1_0.trabajador_id from tareas te1_0 where te1_0.trabajador_id=?
2026-09-15T13:15:19.1269699Z Hibernate: select te1_0.id,te1_0.descripcion,te1_0.eliminado,te1_0.estado,te1_0.estado_sincronizacion,te1_0.fecha_actualizacion,te1_0.finca_id,te1_0.horas_invertidas,te1_0.lote_id,te1_0.novedades,te1_0.severidad_novedad,te1_0.titulo,te1_0.trabajador_id from tareas te1_0 where te1_0.id=?
2026-09-15T13:15:19.5043349Z Hibernate: select te1_0.id,te1_0.documento,te1_0.fecha_registro,te1_0.finca_id,te1_0.nombre_completo,te1_0.tarifa_hora,te1_0.usuario_id from perfiles_trabajadores te1_0 where te1_0.id=?
2026-09-15T13:15:19.8882758Z Hibernate: update tareas set descripcion=?,eliminado=?,estado=?,estado_sincronizacion=?,fecha_actualizacion=?,finca_id=?,horas_invertidas=?,lote_id=?,novedades=?,severidad_novedad=?,titulo=?,trabajador_id=? where id=?
2026-09-15T13:15:20.6616276Z Hibernate: select te1_0.id,te1_0.descripcion,te1_0.eliminado,te1_0.estado,te1_0.estado_sincronizacion,te1_0.fecha_actualizacion,te1_0.finca_id,te1_0.horas_invertidas,te1_0.lote_id,te1_0.novedades,te1_0.severidad_novedad,te1_0.titulo,te1_0.trabajador_id from tareas te1_0 where te1_0.trabajador_id=?
2026-09-15T13:15:24.2656492Z Hibernate: select te1_0.id,te1_0.descripcion,te1_0.eliminado,te1_0.estado,te1_0.estado_sincronizacion,te1_0.fecha_actualizacion,te1_0.finca_id,te1_0.horas_invertidas,te1_0.lote_id,te1_0.novedades,te1_0.severidad_novedad,te1_0.titulo,te1_0.trabajador_id from tareas te1_0 where te1_0.id=?
2026-09-15T13:15:24.6437309Z Hibernate: select te1_0.id,te1_0.documento,te1_0.fecha_registro,te1_0.finca_id,te1_0.nombre_completo,te1_0.tarifa_hora,te1_0.usuario_id from perfiles_trabajadores te1_0 where te1_0.id=?
2026-09-15T13:15:25.0277513Z Hibernate: update tareas set descripcion=?,eliminado=?,estado=?,estado_sincronizacion=?,fecha_actualizacion=?,finca_id=?,horas_invertidas=?,lote_id=?,novedades=?,severidad_novedad=?,titulo=?,trabajador_id=? where id=?
2026-09-15T13:15:25.8075409Z Hibernate: select te1_0.id,te1_0.descripcion,te1_0.eliminado,te1_0.estado,te1_0.estado_sincronizacion,te1_0.fecha_actualizacion,te1_0.finca_id,te1_0.horas_invertidas,te1_0.lote_id,te1_0.novedades,te1_0.severidad_novedad,te1_0.titulo,te1_0.trabajador_id from tareas te1_0 where te1_0.trabajador_id=?
2026-09-15T13:15:27.9505739Z Hibernate: select te1_0.id,te1_0.descripcion,te1_0.eliminado,te1_0.estado,te1_0.estado_sincronizacion,te1_0.fecha_actualizacion,te1_0.finca_id,te1_0.horas_invertidas,te1_0.lote_id,te1_0.novedades,te1_0.severidad_novedad,te1_0.titulo,te1_0.trabajador_id from tareas te1_0 where te1_0.id=?
2026-09-15T13:15:28.3279696Z Hibernate: select te1_0.id,te1_0.documento,te1_0.fecha_registro,te1_0.finca_id,te1_0.nombre_completo,te1_0.tarifa_hora,te1_0.usuario_id from perfiles_trabajadores te1_0 where te1_0.id=?
2026-09-15T13:15:28.7092128Z Hibernate: update tareas set descripcion=?,eliminado=?,estado=?,estado_sincronizacion=?,fecha_actualizacion=?,finca_id=?,horas_invertidas=?,lote_id=?,novedades=?,severidad_novedad=?,titulo=?,trabajador_id=? where id=?
2026-09-15T13:15:29.3985189Z Hibernate: select te1_0.id,te1_0.descripcion,te1_0.eliminado,te1_0.estado,te1_0.estado_sincronizacion,te1_0.fecha_actualizacion,te1_0.finca_id,te1_0.horas_invertidas,te1_0.lote_id,te1_0.novedades,te1_0.severidad_novedad,te1_0.titulo,te1_0.trabajador_id from tareas te1_0 where te1_0.trabajador_id=?
2026-09-15T13:15:38.0424414Z Hibernate: select te1_0.id,te1_0.descripcion,te1_0.eliminado,te1_0.estado,te1_0.estado_sincronizacion,te1_0.fecha_actualizacion,te1_0.finca_id,te1_0.horas_invertidas,te1_0.lote_id,te1_0.novedades,te1_0.severidad_novedad,te1_0.titulo,te1_0.trabajador_id from tareas te1_0 where te1_0.id=?
2026-09-15T13:15:38.2314677Z Hibernate: insert into tareas (descripcion,eliminado,estado,estado_sincronizacion,fecha_actualizacion,finca_id,horas_invertidas,lote_id,novedades,severidad_novedad,titulo,trabajador_id,id) values (?,?,?,?,?,?,?,?,?,?,?,?,?)
2026-09-15T13:15:38.6193670Z TaskCreationService: Procesando notificación para tarea '123' con trabajadorId=6180c51f-7079-4ebc-b6ae-3212d8e63e78
2026-09-15T13:15:38.6194093Z Hibernate: select te1_0.id,te1_0.documento,te1_0.fecha_registro,te1_0.finca_id,te1_0.nombre_completo,te1_0.tarifa_hora,te1_0.usuario_id from perfiles_trabajadores te1_0 where te1_0.id=?
2026-09-15T13:15:39.0038346Z Hibernate: select ue1_0.id,ue1_0.clave_hash,ue1_0.correo,ue1_0.direccion,ue1_0.estado,ue1_0.fcm_token,ue1_0.fecha_creacion,ue1_0.foto_url,ue1_0.nombre,ue1_0.rol_id,ue1_0.telefono from usuarios ue1_0 where ue1_0.id=?
2026-09-15T13:15:39.3806026Z TaskCreationService: Usuario destinatario: susanita@agroflow.com, Token FCM: NO DISPONIBLE / VACIO
2026-09-15T13:15:39.3806660Z TaskCreationService: No se pudo enviar notificación push porque el usuario no tiene token FCM registrado en BD.
2026-09-15T13:15:39.8241774Z Hibernate: select te1_0.id,te1_0.descripcion,te1_0.eliminado,te1_0.estado,te1_0.estado_sincronizacion,te1_0.fecha_actualizacion,te1_0.finca_id,te1_0.horas_invertidas,te1_0.lote_id,te1_0.novedades,te1_0.severidad_novedad,te1_0.titulo,te1_0.trabajador_id from tareas te1_0 where te1_0.trabajador_id=?
2026-09-15T13:15:49.8410052Z Hibernate: select te1_0.id,te1_0.descripcion,te1_0.eliminado,te1_0.estado,te1_0.estado_sincronizacion,te1_0.fecha_actualizacion,te1_0.finca_id,te1_0.horas_invertidas,te1_0.lote_id,te1_0.novedades,te1_0.severidad_novedad,te1_0.titulo,te1_0.trabajador_id from tareas te1_0 where te1_0.id=?
2026-09-15T13:15:50.2166932Z Hibernate: select te1_0.id,te1_0.documento,te1_0.fecha_registro,te1_0.finca_id,te1_0.nombre_completo,te1_0.tarifa_hora,te1_0.usuario_id from perfiles_trabajadores te1_0 where te1_0.id=?
2026-09-15T13:15:50.5991021Z Hibernate: update tareas set descripcion=?,eliminado=?,estado=?,estado_sincronizacion=?,fecha_actualizacion=?,finca_id=?,horas_invertidas=?,lote_id=?,novedades=?,severidad_novedad=?,titulo=?,trabajador_id=? where id=?
2026-09-15T13:15:51.4388613Z Hibernate: select te1_0.id,te1_0.descripcion,te1_0.eliminado,te1_0.estado,te1_0.estado_sincronizacion,te1_0.fecha_actualizacion,te1_0.finca_id,te1_0.horas_invertidas,te1_0.lote_id,te1_0.novedades,te1_0.severidad_novedad,te1_0.titulo,te1_0.trabajador_id from tareas te1_0 where te1_0.trabajador_id=?
2026-09-15T13:15:54.4150189Z Hibernate: select te1_0.id,te1_0.descripcion,te1_0.eliminado,te1_0.estado,te1_0.estado_sincronizacion,te1_0.fecha_actualizacion,te1_0.finca_id,te1_0.horas_invertidas,te1_0.lote_id,te1_0.novedades,te1_0.severidad_novedad,te1_0.titulo,te1_0.trabajador_id from tareas te1_0 where te1_0.id=?
2026-09-15T13:15:54.7914014Z Hibernate: select te1_0.id,te1_0.documento,te1_0.fecha_registro,te1_0.finca_id,te1_0.nombre_completo,te1_0.tarifa_hora,te1_0.usuario_id from perfiles_trabajadores te1_0 where te1_0.id=?
2026-09-15T13:15:55.1827839Z Hibernate: update tareas set descripcion=?,eliminado=?,estado=?,estado_sincronizacion=?,fecha_actualizacion=?,finca_id=?,horas_invertidas=?,lote_id=?,novedades=?,severidad_novedad=?,titulo=?,trabajador_id=? where id=?
2026-09-15T13:15:56.0030537Z Hibernate: select te1_0.id,te1_0.descripcion,te1_0.eliminado,te1_0.estado,te1_0.estado_sincronizacion,te1_0.fecha_actualizacion,te1_0.finca_id,te1_0.horas_invertidas,te1_0.lote_id,te1_0.novedades,te1_0.severidad_novedad,te1_0.titulo,te1_0.trabajador_id from tareas te1_0 where te1_0.trabajador_id=?
2026-09-15T13:16:04.5223595Z Hibernate: select pe1_0.id,pe1_0.cantidad_disponible,pe1_0.descripcion,pe1_0.estado_publicacion,pe1_0.estado_sincronizacion,pe1_0.fecha_creacion,pe1_0.finca_id,pe1_0.imagen_url,pe1_0.precio,pe1_0.titulo_producto from publicaciones pe1_0 where pe1_0.finca_id=?
2026-09-15T13:23:39.3324117Z Hibernate: select ue1_0.id,ue1_0.clave_hash,ue1_0.correo,ue1_0.direccion,ue1_0.estado,ue1_0.fcm_token,ue1_0.fecha_creacion,ue1_0.foto_url,ue1_0.nombre,ue1_0.rol_id,ue1_0.telefono from usuarios ue1_0 where ue1_0.correo=?
2026-09-15T13:23:39.5253461Z 2026-09-15T13:23:39.524Z  WARN 70 --- [p-nio-80-exec-3] o.s.s.c.bcrypt.BCryptPasswordEncoder     : Encoded password does not look like BCrypt
2026-09-15T13:23:39.5297076Z Hibernate: update usuarios set clave_hash=?,correo=?,direccion=?,estado=?,fcm_token=?,fecha_creacion=?,foto_url=?,nombre=?,rol_id=?,telefono=? where id=?
2026-09-15T13:23:40.3137648Z Hibernate: select fe1_0.id,fe1_0.fecha_registro,fe1_0.nombre from fincas fe1_0
2026-09-15T13:23:40.9283427Z Hibernate: select te1_0.id,te1_0.categoria,te1_0.estado_sincronizacion,te1_0.fecha_transaccion,te1_0.finca_id,te1_0.monto_total,te1_0.tipo_movimiento from transacciones te1_0 where te1_0.finca_id=?
2026-09-15T13:23:41.8576144Z Hibernate: select ie1_0.id,ie1_0.cantidad,ie1_0.costo_unitario,ie1_0.eliminado,ie1_0.estado_sincronizacion,ie1_0.fecha_actualizacion,ie1_0.finca_id,ie1_0.nombre_item,ie1_0.registrado_por_trabajador_id,ie1_0.tipo,ie1_0.unidad_medida from inventario ie1_0 where ie1_0.finca_id=? and ie1_0.eliminado=false
2026-09-15T13:24:39.8771946Z Hibernate: select ue1_0.id,ue1_0.clave_hash,ue1_0.correo,ue1_0.direccion,ue1_0.estado,ue1_0.fcm_token,ue1_0.fecha_creacion,ue1_0.foto_url,ue1_0.nombre,ue1_0.rol_id,ue1_0.telefono from usuarios ue1_0 where ue1_0.id=?
2026-09-15T13:24:40.2578765Z Hibernate: update usuarios set clave_hash=?,correo=?,direccion=?,estado=?,fcm_token=?,fecha_creacion=?,foto_url=?,nombre=?,rol_id=?,telefono=? where id=?
2026-09-15T13:24:45.2415359Z Hibernate: select te1_0.id,te1_0.categoria,te1_0.estado_sincronizacion,te1_0.fecha_transaccion,te1_0.finca_id,te1_0.monto_total,te1_0.tipo_movimiento from transacciones te1_0 where te1_0.finca_id=?
2026-09-15T13:24:45.2700942Z Hibernate: select ie1_0.id,ie1_0.cantidad,ie1_0.costo_unitario,ie1_0.eliminado,ie1_0.estado_sincronizacion,ie1_0.fecha_actualizacion,ie1_0.finca_id,ie1_0.nombre_item,ie1_0.registrado_por_trabajador_id,ie1_0.tipo,ie1_0.unidad_medida from inventario ie1_0 where ie1_0.finca_id=? and ie1_0.eliminado=false
2026-09-15T13:24:53.2983385Z Hibernate: select te1_0.id,te1_0.descripcion,te1_0.eliminado,te1_0.estado,te1_0.estado_sincronizacion,te1_0.fecha_actualizacion,te1_0.finca_id,te1_0.horas_invertidas,te1_0.lote_id,te1_0.novedades,te1_0.severidad_novedad,te1_0.titulo,te1_0.trabajador_id from tareas te1_0 where te1_0.finca_id=?
2026-09-15T13:24:55.2330469Z Hibernate: select pe1_0.id,pe1_0.cantidad_disponible,pe1_0.descripcion,pe1_0.estado_publicacion,pe1_0.estado_sincronizacion,pe1_0.fecha_creacion,pe1_0.finca_id,pe1_0.imagen_url,pe1_0.precio,pe1_0.titulo_producto from publicaciones pe1_0 where pe1_0.finca_id=?
2026-09-15T13:27:27.7252357Z Hibernate: select te1_0.id,te1_0.categoria,te1_0.estado_sincronizacion,te1_0.fecha_transaccion,te1_0.finca_id,te1_0.monto_total,te1_0.tipo_movimiento from transacciones te1_0 where te1_0.finca_id=?
2026-09-15T13:29:36.7286638Z Hibernate: select te1_0.id,te1_0.categoria,te1_0.estado_sincronizacion,te1_0.fecha_transaccion,te1_0.finca_id,te1_0.monto_total,te1_0.tipo_movimiento from transacciones te1_0 where te1_0.id=?
2026-09-15T13:29:36.9499570Z Hibernate: insert into transacciones (categoria,estado_sincronizacion,fecha_transaccion,finca_id,monto_total,tipo_movimiento,id) values (?,?,?,?,?,?,?)
2026-09-15T13:29:37.5780836Z Hibernate: select te1_0.id,te1_0.categoria,te1_0.estado_sincronizacion,te1_0.fecha_transaccion,te1_0.finca_id,te1_0.monto_total,te1_0.tipo_movimiento from transacciones te1_0 where te1_0.finca_id=?
2026-09-15T13:29:58.4908324Z Hibernate: select te1_0.id,te1_0.categoria,te1_0.estado_sincronizacion,te1_0.fecha_transaccion,te1_0.finca_id,te1_0.monto_total,te1_0.tipo_movimiento from transacciones te1_0 where te1_0.finca_id=?
2026-09-15T13:30:24.9408613Z Hibernate: select te1_0.id,te1_0.categoria,te1_0.estado_sincronizacion,te1_0.fecha_transaccion,te1_0.finca_id,te1_0.monto_total,te1_0.tipo_movimiento from transacciones te1_0 where te1_0.id=?
2026-09-15T13:30:25.1380934Z Hibernate: insert into transacciones (categoria,estado_sincronizacion,fecha_transaccion,finca_id,monto_total,tipo_movimiento,id) values (?,?,?,?,?,?,?)
2026-09-15T13:30:25.8034064Z Hibernate: select te1_0.id,te1_0.categoria,te1_0.estado_sincronizacion,te1_0.fecha_transaccion,te1_0.finca_id,te1_0.monto_total,te1_0.tipo_movimiento from transacciones te1_0 where te1_0.finca_id=?
2026-09-15T13:30:41.6097499Z Hibernate: select te1_0.id,te1_0.categoria,te1_0.estado_sincronizacion,te1_0.fecha_transaccion,te1_0.finca_id,te1_0.monto_total,te1_0.tipo_movimiento from transacciones te1_0 where te1_0.id=?
2026-09-15T13:30:41.7998638Z Hibernate: insert into transacciones (categoria,estado_sincronizacion,fecha_transaccion,finca_id,monto_total,tipo_movimiento,id) values (?,?,?,?,?,?,?)
2026-09-15T13:30:42.5028184Z Hibernate: select te1_0.id,te1_0.categoria,te1_0.estado_sincronizacion,te1_0.fecha_transaccion,te1_0.finca_id,te1_0.monto_total,te1_0.tipo_movimiento from transacciones te1_0 where te1_0.finca_id=?
2026-09-15T13:30:57.8377621Z Hibernate: select fe1_0.id,fe1_0.fecha_registro,fe1_0.nombre from fincas fe1_0
2026-09-15T13:31:01.3619116Z Hibernate: select ie1_0.id,ie1_0.cantidad,ie1_0.costo_unitario,ie1_0.eliminado,ie1_0.estado_sincronizacion,ie1_0.fecha_actualizacion,ie1_0.finca_id,ie1_0.nombre_item,ie1_0.registrado_por_trabajador_id,ie1_0.tipo,ie1_0.unidad_medida from inventario ie1_0 where ie1_0.finca_id=? and ie1_0.eliminado=false
2026-09-15T13:31:02.1000345Z Hibernate: select te1_0.id,te1_0.categoria,te1_0.estado_sincronizacion,te1_0.fecha_transaccion,te1_0.finca_id,te1_0.monto_total,te1_0.tipo_movimiento from transacciones te1_0 where te1_0.finca_id=?
2026-09-15T13:44:59.3385287Z Hibernate: select ue1_0.id,ue1_0.clave_hash,ue1_0.correo,ue1_0.direccion,ue1_0.estado,ue1_0.fcm_token,ue1_0.fecha_creacion,ue1_0.foto_url,ue1_0.nombre,ue1_0.rol_id,ue1_0.telefono from usuarios ue1_0 where ue1_0.correo=?
2026-09-15T13:44:59.5259830Z 2026-09-15T13:44:59.525Z  WARN 70 --- [p-nio-80-exec-8] o.s.s.c.bcrypt.BCryptPasswordEncoder     : Encoded password does not look like BCrypt
2026-09-15T13:44:59.5374085Z Hibernate: update usuarios set clave_hash=?,correo=?,direccion=?,estado=?,fcm_token=?,fecha_creacion=?,foto_url=?,nombre=?,rol_id=?,telefono=? where id=?
2026-09-15T13:45:00.4434925Z Hibernate: select fe1_0.id,fe1_0.fecha_registro,fe1_0.nombre from fincas fe1_0
2026-09-15T13:45:01.3704580Z Hibernate: select te1_0.id,te1_0.categoria,te1_0.estado_sincronizacion,te1_0.fecha_transaccion,te1_0.finca_id,te1_0.monto_total,te1_0.tipo_movimiento from transacciones te1_0 where te1_0.finca_id=?
2026-09-15T13:45:03.6753391Z Hibernate: select ie1_0.id,ie1_0.cantidad,ie1_0.costo_unitario,ie1_0.eliminado,ie1_0.estado_sincronizacion,ie1_0.fecha_actualizacion,ie1_0.finca_id,ie1_0.nombre_item,ie1_0.registrado_por_trabajador_id,ie1_0.tipo,ie1_0.unidad_medida from inventario ie1_0 where ie1_0.finca_id=? and ie1_0.eliminado=false
2026-09-15T13:45:13.7455533Z Hibernate: select te1_0.id,te1_0.categoria,te1_0.estado_sincronizacion,te1_0.fecha_transaccion,te1_0.finca_id,te1_0.monto_total,te1_0.tipo_movimiento from transacciones te1_0 where te1_0.finca_id=?
2026-09-15T13:45:13.7660661Z Hibernate: select ie1_0.id,ie1_0.cantidad,ie1_0.costo_unitario,ie1_0.eliminado,ie1_0.estado_sincronizacion,ie1_0.fecha_actualizacion,ie1_0.finca_id,ie1_0.nombre_item,ie1_0.registrado_por_trabajador_id,ie1_0.tipo,ie1_0.unidad_medida from inventario ie1_0 where ie1_0.finca_id=? and ie1_0.eliminado=false
2026-09-15T13:45:22.6563454Z Hibernate: select ue1_0.id,ue1_0.clave_hash,ue1_0.correo,ue1_0.direccion,ue1_0.estado,ue1_0.fcm_token,ue1_0.fecha_creacion,ue1_0.foto_url,ue1_0.nombre,ue1_0.rol_id,ue1_0.telefono from usuarios ue1_0 where ue1_0.id=?
2026-09-15T13:45:23.0323970Z Hibernate: update usuarios set clave_hash=?,correo=?,direccion=?,estado=?,fcm_token=?,fecha_creacion=?,foto_url=?,nombre=?,rol_id=?,telefono=? where id=?
2026-09-15T13:45:26.0762037Z Hibernate: select ie1_0.id,ie1_0.cantidad,ie1_0.costo_unitario,ie1_0.eliminado,ie1_0.estado_sincronizacion,ie1_0.fecha_actualizacion,ie1_0.finca_id,ie1_0.nombre_item,ie1_0.registrado_por_trabajador_id,ie1_0.tipo,ie1_0.unidad_medida from inventario ie1_0 where ie1_0.finca_id=? and ie1_0.eliminado=false
2026-09-15T13:45:26.0926098Z Hibernate: select te1_0.id,te1_0.categoria,te1_0.estado_sincronizacion,te1_0.fecha_transaccion,te1_0.finca_id,te1_0.monto_total,te1_0.tipo_movimiento from transacciones te1_0 where te1_0.finca_id=?
2026-09-15T13:45:50.3860694Z Hibernate: select ie1_0.id,ie1_0.cantidad,ie1_0.costo_unitario,ie1_0.eliminado,ie1_0.estado_sincronizacion,ie1_0.fecha_actualizacion,ie1_0.finca_id,ie1_0.nombre_item,ie1_0.registrado_por_trabajador_id,ie1_0.tipo,ie1_0.unidad_medida from inventario ie1_0 where ie1_0.finca_id=? and ie1_0.eliminado=false
2026-09-15T13:45:53.6260158Z Hibernate: select fe1_0.id,fe1_0.fecha_registro,fe1_0.nombre from fincas fe1_0
2026-09-15T13:45:57.4833637Z Hibernate: select te1_0.id,te1_0.documento,te1_0.fecha_registro,te1_0.finca_id,te1_0.nombre_completo,te1_0.tarifa_hora,te1_0.usuario_id from perfiles_trabajadores te1_0 where te1_0.finca_id=?
2026-09-15T13:46:13.1063069Z Hibernate: select te1_0.id,te1_0.documento,te1_0.fecha_registro,te1_0.finca_id,te1_0.nombre_completo,te1_0.tarifa_hora,te1_0.usuario_id from perfiles_trabajadores te1_0 where te1_0.id=?
2026-09-15T13:46:13.6909850Z Hibernate: select te1_0.id,te1_0.documento,te1_0.fecha_registro,te1_0.finca_id,te1_0.nombre_completo,te1_0.tarifa_hora,te1_0.usuario_id from perfiles_trabajadores te1_0 where te1_0.finca_id=?
2026-09-15T13:46:15.3676785Z Hibernate: select te1_0.id,te1_0.descripcion,te1_0.eliminado,te1_0.estado,te1_0.estado_sincronizacion,te1_0.fecha_actualizacion,te1_0.finca_id,te1_0.horas_invertidas,te1_0.lote_id,te1_0.novedades,te1_0.severidad_novedad,te1_0.titulo,te1_0.trabajador_id from tareas te1_0 where te1_0.finca_id=?
2026-09-15T13:46:23.5257946Z Hibernate: select pe1_0.id,pe1_0.cantidad_disponible,pe1_0.descripcion,pe1_0.estado_publicacion,pe1_0.estado_sincronizacion,pe1_0.fecha_creacion,pe1_0.finca_id,pe1_0.imagen_url,pe1_0.precio,pe1_0.titulo_producto from publicaciones pe1_0 where pe1_0.finca_id=?
2026-09-15T13:46:26.1725737Z Hibernate: select pe1_0.id,pe1_0.cantidad_disponible,pe1_0.descripcion,pe1_0.estado_publicacion,pe1_0.estado_sincronizacion,pe1_0.fecha_creacion,pe1_0.finca_id,pe1_0.imagen_url,pe1_0.precio,pe1_0.titulo_producto from publicaciones pe1_0 where pe1_0.id=?
2026-09-15T13:46:26.5587058Z Hibernate: update publicaciones set cantidad_disponible=?,descripcion=?,estado_publicacion=?,estado_sincronizacion=?,fecha_creacion=?,finca_id=?,imagen_url=?,precio=?,titulo_producto=? where id=?
2026-09-15T13:46:26.8974651Z Hibernate: select pe1_0.id,pe1_0.cantidad_disponible,pe1_0.descripcion,pe1_0.estado_publicacion,pe1_0.estado_sincronizacion,pe1_0.fecha_creacion,pe1_0.finca_id,pe1_0.imagen_url,pe1_0.precio,pe1_0.titulo_producto from publicaciones pe1_0 where pe1_0.id=?
2026-09-15T13:46:27.2286416Z Hibernate: select pe1_0.id,pe1_0.cantidad_disponible,pe1_0.descripcion,pe1_0.estado_publicacion,pe1_0.estado_sincronizacion,pe1_0.fecha_creacion,pe1_0.finca_id,pe1_0.imagen_url,pe1_0.precio,pe1_0.titulo_producto from publicaciones pe1_0 where pe1_0.finca_id=?
2026-09-15T13:46:27.5576537Z Hibernate: select pe1_0.id,pe1_0.cantidad_disponible,pe1_0.descripcion,pe1_0.estado_publicacion,pe1_0.estado_sincronizacion,pe1_0.fecha_creacion,pe1_0.finca_id,pe1_0.imagen_url,pe1_0.precio,pe1_0.titulo_producto from publicaciones pe1_0 where pe1_0.finca_id=?
2026-09-15T13:46:27.9556870Z Hibernate: select pe1_0.id,pe1_0.cantidad_disponible,pe1_0.descripcion,pe1_0.estado_publicacion,pe1_0.estado_sincronizacion,pe1_0.fecha_creacion,pe1_0.finca_id,pe1_0.imagen_url,pe1_0.precio,pe1_0.titulo_producto from publicaciones pe1_0 where pe1_0.id=?
2026-09-15T13:46:28.3296061Z Hibernate: update publicaciones set cantidad_disponible=?,descripcion=?,estado_publicacion=?,estado_sincronizacion=?,fecha_creacion=?,finca_id=?,imagen_url=?,precio=?,titulo_producto=? where id=?
2026-09-15T13:46:28.6011191Z Hibernate: select pe1_0.id,pe1_0.cantidad_disponible,pe1_0.descripcion,pe1_0.estado_publicacion,pe1_0.estado_sincronizacion,pe1_0.fecha_creacion,pe1_0.finca_id,pe1_0.imagen_url,pe1_0.precio,pe1_0.titulo_producto from publicaciones pe1_0 where pe1_0.id=?
2026-09-15T13:46:28.9906926Z Hibernate: update publicaciones set cantidad_disponible=?,descripcion=?,estado_publicacion=?,estado_sincronizacion=?,fecha_creacion=?,finca_id=?,imagen_url=?,precio=?,titulo_producto=? where id=?
2026-09-15T13:46:29.0316602Z Hibernate: select pe1_0.id,pe1_0.cantidad_disponible,pe1_0.descripcion,pe1_0.estado_publicacion,pe1_0.estado_sincronizacion,pe1_0.fecha_creacion,pe1_0.finca_id,pe1_0.imagen_url,pe1_0.precio,pe1_0.titulo_producto from publicaciones pe1_0 where pe1_0.finca_id=?
2026-09-15T13:46:29.6474823Z Hibernate: select pe1_0.id,pe1_0.cantidad_disponible,pe1_0.descripcion,pe1_0.estado_publicacion,pe1_0.estado_sincronizacion,pe1_0.fecha_creacion,pe1_0.finca_id,pe1_0.imagen_url,pe1_0.precio,pe1_0.titulo_producto from publicaciones pe1_0 where pe1_0.finca_id=?
2026-09-15T13:46:33.9222486Z Hibernate: select pe1_0.id,pe1_0.cantidad_disponible,pe1_0.descripcion,pe1_0.estado_publicacion,pe1_0.estado_sincronizacion,pe1_0.fecha_creacion,pe1_0.finca_id,pe1_0.imagen_url,pe1_0.precio,pe1_0.titulo_producto from publicaciones pe1_0 where pe1_0.id=?
2026-09-15T13:46:34.2951143Z Hibernate: update publicaciones set cantidad_disponible=?,descripcion=?,estado_publicacion=?,estado_sincronizacion=?,fecha_creacion=?,finca_id=?,imagen_url=?,precio=?,titulo_producto=? where id=?
2026-09-15T13:46:35.0626925Z Hibernate: select pe1_0.id,pe1_0.cantidad_disponible,pe1_0.descripcion,pe1_0.estado_publicacion,pe1_0.estado_sincronizacion,pe1_0.fecha_creacion,pe1_0.finca_id,pe1_0.imagen_url,pe1_0.precio,pe1_0.titulo_producto from publicaciones pe1_0 where pe1_0.finca_id=?
2026-09-15T13:46:37.5705897Z Hibernate: select pe1_0.id,pe1_0.cantidad_disponible,pe1_0.descripcion,pe1_0.estado_publicacion,pe1_0.estado_sincronizacion,pe1_0.fecha_creacion,pe1_0.finca_id,pe1_0.imagen_url,pe1_0.precio,pe1_0.titulo_producto from publicaciones pe1_0 where pe1_0.id=?
2026-09-15T13:46:37.9510855Z Hibernate: update publicaciones set cantidad_disponible=?,descripcion=?,estado_publicacion=?,estado_sincronizacion=?,fecha_creacion=?,finca_id=?,imagen_url=?,precio=?,titulo_producto=? where id=?
2026-09-15T13:46:39.2925399Z Hibernate: select pe1_0.id,pe1_0.cantidad_disponible,pe1_0.descripcion,pe1_0.estado_publicacion,pe1_0.estado_sincronizacion,pe1_0.fecha_creacion,pe1_0.finca_id,pe1_0.imagen_url,pe1_0.precio,pe1_0.titulo_producto from publicaciones pe1_0 where pe1_0.finca_id=?
2026-09-15T13:48:37.3928922Z Hibernate: select te1_0.id,te1_0.categoria,te1_0.estado_sincronizacion,te1_0.fecha_transaccion,te1_0.finca_id,te1_0.monto_total,te1_0.tipo_movimiento from transacciones te1_0 where te1_0.finca_id=?
2026-09-15T13:48:40.5255950Z Hibernate: select te1_0.id,te1_0.categoria,te1_0.estado_sincronizacion,te1_0.fecha_transaccion,te1_0.finca_id,te1_0.monto_total,te1_0.tipo_movimiento from transacciones te1_0 where te1_0.finca_id=?
2026-09-15T13:49:02.2465181Z Hibernate: select fe1_0.id,fe1_0.fecha_registro,fe1_0.nombre from fincas fe1_0
2026-09-15T13:49:50.1751063Z Hibernate: select ue1_0.id,ue1_0.clave_hash,ue1_0.correo,ue1_0.direccion,ue1_0.estado,ue1_0.fcm_token,ue1_0.fecha_creacion,ue1_0.foto_url,ue1_0.nombre,ue1_0.rol_id,ue1_0.telefono from usuarios ue1_0 where ue1_0.correo=?
2026-09-15T13:49:50.3634664Z 2026-09-15T13:49:50.363Z  WARN 70 --- [p-nio-80-exec-2] o.s.s.c.bcrypt.BCryptPasswordEncoder     : Encoded password does not look like BCrypt
2026-09-15T13:50:09.7007530Z Hibernate: select ue1_0.id,ue1_0.clave_hash,ue1_0.correo,ue1_0.direccion,ue1_0.estado,ue1_0.fcm_token,ue1_0.fecha_creacion,ue1_0.foto_url,ue1_0.nombre,ue1_0.rol_id,ue1_0.telefono from usuarios ue1_0 where ue1_0.correo=?
2026-09-15T13:50:09.8905826Z 2026-09-15T13:50:09.889Z  WARN 70 --- [p-nio-80-exec-3] o.s.s.c.bcrypt.BCryptPasswordEncoder     : Encoded password does not look like BCrypt
2026-09-15T13:50:09.9007753Z Hibernate: update usuarios set clave_hash=?,correo=?,direccion=?,estado=?,fcm_token=?,fecha_creacion=?,foto_url=?,nombre=?,rol_id=?,telefono=? where id=?
2026-09-15T13:50:24.8861649Z Hibernate: select fe1_0.id,fe1_0.fecha_registro,fe1_0.nombre from fincas fe1_0
