2026-09-15T01:08:28.292Z  INFO 71 --- [main] com.agroflow.AgroFlowApplicationKt       : Starting AgroFlowApplicationKt v0.0.1-SNAPSHOT using Java 17.0.17 with PID 71 (/home/site/wwwroot/app.jar started by root in /home/site/wwwroot)
2026-09-15T01:08:28.431Z  INFO 71 --- [main] com.agroflow.AgroFlowApplicationKt       : No active profile set, falling back to 1 default profile: "default"
2026-09-15T01:08:51.575Z  INFO 71 --- [main] .s.d.r.c.RepositoryConfigurationDelegate : Bootstrapping Spring Data JPA repositories in DEFAULT mode.
2026-09-15T01:08:53.040Z  INFO 71 --- [main] .s.d.r.c.RepositoryConfigurationDelegate : Finished Spring Data repository scanning in 1304 ms. Found 8 JPA repository interfaces.
2026-09-15T01:09:06.122Z  INFO 71 --- [main] o.s.boot.tomcat.TomcatWebServer          : Tomcat initialized with port 80 (http)
2026-09-15T01:09:08.117Z  INFO 71 --- [main] b.w.c.s.WebApplicationContextInitializer : Root WebApplicationContext: initialization completed in 38395 ms
2026-09-15T01:09:28.515Z  INFO 71 --- [main] org.hibernate.orm.jpa                    : HHH008540: Processing PersistenceUnitInfo [name: default]
2026-09-15T01:09:30.715Z  INFO 71 --- [main] org.hibernate.orm.core                   : HHH000001: Hibernate ORM core version 7.4.5.Final
2026-09-15T01:09:39.506Z  INFO 71 --- [main] o.s.o.j.p.SpringPersistenceUnitInfo      : No LoadTimeWeaver setup: ignoring JPA class transformer
2026-09-15T01:09:40.137Z  INFO 71 --- [main] com.zaxxer.hikari.HikariDataSource       : HikariPool-1 - Starting...
2026-09-15T01:09:46.215Z  INFO 71 --- [main] com.zaxxer.hikari.pool.HikariPool        : HikariPool-1 - Added connection org.postgresql.jdbc.PgConnection@74ab8610
2026-09-15T01:09:46.233Z  INFO 71 --- [main] com.zaxxer.hikari.HikariDataSource       : HikariPool-1 - Start completed.
2026-09-15T01:09:47.159Z  WARN 71 --- [main] org.hibernate.orm.deprecation            : HHH90000025: PostgreSQLDialect does not need to be specified explicitly using 'hibernate.dialect' (remove the property setting and it will be selected by default)
2026-09-15T01:09:48.214Z  INFO 71 --- [main] org.hibernate.orm.connections.pooling    : HHH10001005: Database info:
	Database JDBC URL [jdbc:postgresql://aws-0-us-west-2.pooler.supabase.com:6543/postgres?prepareThreshold=0]
	Database driver: PostgreSQL JDBC Driver
	Database dialect: PostgreSQLDialect
	Database version: 17.6
	Default catalog/schema: postgres/public
	Autocommit mode: undefined/unknown
	Isolation level: READ_COMMITTED [default READ_COMMITTED]
	JDBC fetch size: none
	Pool: DataSourceConnectionProvider
	Minimum pool size: undefined/unknown
	Maximum pool size: undefined/unknown
2026-09-15T01:10:07.736Z  INFO 71 --- [main] org.hibernate.orm.core                   : HHH000489: No JTA platform available (set 'hibernate.transaction.jta.platform' to enable JTA platform integration)
2026-09-15T01:10:09.282Z  INFO 71 --- [main] j.LocalContainerEntityManagerFactoryBean : Initialized JPA EntityManagerFactory for persistence unit 'default'
2026-09-15T01:10:10.561Z  INFO 71 --- [main] o.s.d.j.r.query.QueryEnhancerFactories   : Hibernate is in classpath; If applicable, HQL parser will be used.
2026-09-15T01:10:32.612Z  WARN 71 --- [main] JpaBaseConfiguration$JpaWebConfiguration : spring.jpa.open-in-view is enabled by default. Therefore, database queries may be performed during view rendering. Explicitly configure spring.jpa.open-in-view to disable this warning
2026-09-15T01:10:34.753Z  WARN 71 --- [main] .s.a.UserDetailsServiceAutoConfiguration : 

Using generated security password: 84ff723f-39d2-42f3-8913-75abdd5c6eea

This generated password is for development use only. Your security configuration must be updated before running your application in production.

2026-09-15T01:10:35.003Z  INFO 71 --- [main] r$InitializeUserDetailsManagerConfigurer : Global AuthenticationManager configured with UserDetailsService bean with name inMemoryUserDetailsManager
2026-09-15T01:10:44.245Z  INFO 71 --- [main] o.s.boot.tomcat.TomcatWebServer          : Tomcat started on port 80 (http) with context path '/'
2026-09-15T01:10:44.557Z  INFO 71 --- [main] com.agroflow.AgroFlowApplicationKt       : Started AgroFlowApplicationKt in 147.304 seconds (process running for 187.54)
2026-09-15T01:10:47.091Z  INFO 71 --- [http-nio-80-exec-1] o.s.web.servlet.DispatcherServlet        : Initializing Servlet 'dispatcherServlet'
2026-09-15T01:10:47.133Z  INFO 71 --- [http-nio-80-exec-1] o.s.web.servlet.DispatcherServlet        : Completed initialization in 40 ms
2026-09-15T01:18:40.571Z  INFO 70 --- [main] com.agroflow.AgroFlowApplicationKt       : Starting AgroFlowApplicationKt v0.0.1-SNAPSHOT using Java 17.0.17 with PID 70 (/home/site/wwwroot/app.jar started by root in /home/site/wwwroot)
2026-09-15T01:18:40.633Z  INFO 70 --- [main] com.agroflow.AgroFlowApplicationKt       : No active profile set, falling back to 1 default profile: "default"
2026-09-15T01:19:05.318Z  INFO 70 --- [main] .s.d.r.c.RepositoryConfigurationDelegate : Bootstrapping Spring Data JPA repositories in DEFAULT mode.
2026-09-15T01:19:06.674Z  INFO 70 --- [main] .s.d.r.c.RepositoryConfigurationDelegate : Finished Spring Data repository scanning in 1195 ms. Found 8 JPA repository interfaces.
2026-09-15T01:19:23.525Z  INFO 70 --- [main] o.s.boot.tomcat.TomcatWebServer          : Tomcat initialized with port 80 (http)
2026-09-15T01:19:24.896Z  INFO 70 --- [main] b.w.c.s.WebApplicationContextInitializer : Root WebApplicationContext: initialization completed in 42813 ms
2026-09-15T01:19:33.640Z  INFO 70 --- [main] org.hibernate.orm.jpa                    : HHH008540: Processing PersistenceUnitInfo [name: default]
2026-09-15T01:19:35.865Z  INFO 70 --- [main] org.hibernate.orm.core                   : HHH000001: Hibernate ORM core version 7.4.5.Final
2026-09-15T01:19:46.128Z  INFO 70 --- [main] o.s.o.j.p.SpringPersistenceUnitInfo      : No LoadTimeWeaver setup: ignoring JPA class transformer
2026-09-15T01:19:46.732Z  INFO 70 --- [main] com.zaxxer.hikari.HikariDataSource       : HikariPool-1 - Starting...
2026-09-15T01:19:52.307Z  INFO 70 --- [main] com.zaxxer.hikari.pool.HikariPool        : HikariPool-1 - Added connection org.postgresql.jdbc.PgConnection@49741e80
2026-09-15T01:19:52.406Z  INFO 70 --- [main] com.zaxxer.hikari.HikariDataSource       : HikariPool-1 - Start completed.
2026-09-15T01:19:53.392Z  WARN 70 --- [main] org.hibernate.orm.deprecation            : HHH90000025: PostgreSQLDialect does not need to be specified explicitly using 'hibernate.dialect' (remove the property setting and it will be selected by default)
2026-09-15T01:19:54.596Z  INFO 70 --- [main] org.hibernate.orm.connections.pooling    : HHH10001005: Database info:
	Database JDBC URL [jdbc:postgresql://aws-0-us-west-2.pooler.supabase.com:6543/postgres?prepareThreshold=0]
	Database driver: PostgreSQL JDBC Driver
	Database dialect: PostgreSQLDialect
	Database version: 17.6
	Default catalog/schema: postgres/public
	Autocommit mode: undefined/unknown
	Isolation level: READ_COMMITTED [default READ_COMMITTED]
	JDBC fetch size: none
	Pool: DataSourceConnectionProvider
	Minimum pool size: undefined/unknown
	Maximum pool size: undefined/unknown
2026-09-15T01:20:24.402Z  INFO 70 --- [main] org.hibernate.orm.core                   : HHH000489: No JTA platform available (set 'hibernate.transaction.jta.platform' to enable JTA platform integration)
2026-09-15T01:20:26.214Z  INFO 70 --- [main] j.LocalContainerEntityManagerFactoryBean : Initialized JPA EntityManagerFactory for persistence unit 'default'
2026-09-15T01:20:27.608Z  INFO 70 --- [main] o.s.d.j.r.query.QueryEnhancerFactories   : Hibernate is in classpath; If applicable, HQL parser will be used.
2026-09-15T01:20:45.726Z  WARN 70 --- [main] JpaBaseConfiguration$JpaWebConfiguration : spring.jpa.open-in-view is enabled by default. Therefore, database queries may be performed during view rendering. Explicitly configure spring.jpa.open-in-view to disable this warning
2026-09-15T01:20:47.256Z  WARN 70 --- [main] .s.a.UserDetailsServiceAutoConfiguration : 

Using generated security password: 2af2cf3d-c009-427f-b5af-1b68e33ebabc

This generated password is for development use only. Your security configuration must be updated before running your application in production.

2026-09-15T01:20:47.525Z  INFO 70 --- [main] r$InitializeUserDetailsManagerConfigurer : Global AuthenticationManager configured with UserDetailsService bean with name inMemoryUserDetailsManager
2026-09-15T01:20:56.868Z  INFO 70 --- [main] o.s.boot.tomcat.TomcatWebServer          : Tomcat started on port 80 (http) with context path '/'
2026-09-15T01:20:57.121Z  INFO 70 --- [main] com.agroflow.AgroFlowApplicationKt       : Started AgroFlowApplicationKt in 149.269 seconds (process running for 191.447)
2026-09-15T01:20:59.971Z  INFO 70 --- [http-nio-80-exec-1] o.s.web.servlet.DispatcherServlet        : Initializing Servlet 'dispatcherServlet'
2026-09-15T01:20:59.991Z  INFO 70 --- [http-nio-80-exec-1] o.s.web.servlet.DispatcherServlet        : Completed initialization in 11 ms
2026-09-15T06:02:00.725Z  WARN 70 --- [HikariPool-1:housekeeper] com.zaxxer.hikari.pool.PoolBase          : HikariPool-1 - Failed to validate connection org.postgresql.jdbc.PgConnection@4ae848cf (This connection has been closed.). Possibly consider using a shorter maxLifetime value.
